#
# There is insufficient memory for the Java Runtime Environment to continue.
# Native memory allocation (malloc) failed to allocate 1048576 bytes. Error detail: AllocateHeap
# Possible reasons:
#   The system is out of physical RAM or swap space
#   This process is running with CompressedOops enabled, and the Java Heap may be blocking the growth of the native heap
# Possible solutions:
#   Reduce memory load on the system
#   Increase physical memory or swap space
#   Check if swap backing store is full
#   Decrease Java heap size (-Xmx/-Xms)
#   Decrease number of Java threads
#   Decrease Java thread stack sizes (-Xss)
#   Set larger code cache with -XX:ReservedCodeCacheSize=
#   JVM is running with Unscaled Compressed Oops mode in which the Java heap is
#     placed in the first 4GB address space. The Java Heap base address is the
#     maximum limit for the native heap growth. Please use -XX:HeapBaseMinAddress
#     to set the Java Heap base and to place the Java Heap above 4GB virtual address.
# This output file may be truncated or incomplete.
#
#  Out of Memory Error (allocation.cpp:44), pid=14280, tid=26596
#
# JRE version: OpenJDK Runtime Environment Temurin-21.0.10+7 (21.0.10+7) (build 21.0.10+7-LTS)
# Java VM: OpenJDK 64-Bit Server VM Temurin-21.0.10+7 (21.0.10+7-LTS, mixed mode, sharing, tiered, compressed oops, compressed class ptrs, parallel gc, windows-amd64)
# No core dump will be written. Minidumps are not enabled by default on client versions of Windows
#

---------------  S U M M A R Y ------------

Command Line: --add-modules=ALL-SYSTEM --add-opens=java.base/java.util=ALL-UNNAMED --add-opens=java.base/java.lang=ALL-UNNAMED --add-opens=java.base/sun.nio.fs=ALL-UNNAMED -Declipse.application=org.eclipse.jdt.ls.core.id1 -Dosgi.bundles.defaultStartLevel=4 -Declipse.product=org.eclipse.jdt.ls.core.product -Djava.import.generatesMetadataFilesAtProjectRoot=false -DDetectVMInstallationsJob.disabled=true -Dfile.encoding=utf8 -XX:+UseParallelGC -XX:GCTimeRatio=4 -XX:AdaptiveSizePolicyWeight=90 -Dsun.zip.disableMemoryMapping=true -Xmx2G -Xms100m -Xlog:disable -javaagent:c:\Users\My Laptop\.vscode\extensions\redhat.java-1.54.0-win32-x64\lombok\lombok-1.18.39-4050.jar -XX:+HeapDumpOnOutOfMemoryError -XX:HeapDumpPath=c:\Users\My Laptop\AppData\Roaming\Code\User\workspaceStorage\a01366a5605dd489c03fbb4a3357ad19\redhat.java -Daether.dependencyCollector.impl=bf c:\Users\My Laptop\.vscode\extensions\redhat.java-1.54.0-win32-x64\server\plugins\org.eclipse.equinox.launcher_1.7.100.v20251111-0406.jar -configuration c:\Users\My Laptop\AppData\Roaming\Code\User\globalStorage\redhat.java\1.54.0\config_win -data c:\Users\My Laptop\AppData\Roaming\Code\User\workspaceStorage\a01366a5605dd489c03fbb4a3357ad19\redhat.java\jdt_ws --pipe=\\.\pipe\lsp-a869643eb772653abf57a3e2de8d3a03-sock

Host: 11th Gen Intel(R) Core(TM) i5-1135G7 @ 2.40GHz, 8 cores, 7G,  Windows 11 , 64 bit Build 26100 (10.0.26100.8328)
Time: Sun May 31 14:46:18 2026 SE Asia Standard Time elapsed time: 65298.619024 seconds (0d 18h 8m 18s)

---------------  T H R E A D  ---------------

Current thread (0x0000023864635f90):  JavaThread "Attach Listener" daemon [_thread_in_vm, id=26596, stack(0x0000005772f00000,0x0000005773000000) (1024K)]

Stack: [0x0000005772f00000,0x0000005773000000]
Native frames: (J=compiled Java code, j=interpreted, Vv=VM code, C=native code)
V  [jvm.dll+0x6d7a39]
V  [jvm.dll+0x8b4b26]
V  [jvm.dll+0x8b70de]
V  [jvm.dll+0x8b77c3]
V  [jvm.dll+0x284346]
V  [jvm.dll+0xc1277]
V  [jvm.dll+0x6d82e9]
V  [jvm.dll+0x1334a6]
V  [jvm.dll+0x3f857e]
V  [jvm.dll+0x85f59d]
V  [jvm.dll+0x6d626d]
C  [ucrtbase.dll+0x37b0]
C  [KERNEL32.DLL+0x2e957]
C  [ntdll.dll+0x427c]


---------------  P R O C E S S  ---------------

Threads class SMR info:
_java_thread_list=0x0000023845c07b70, length=35, elements={
0x00000238646bc2c0, 0x000002386462a510, 0x000002386462d100, 0x0000023864632060,
0x0000023864635f90, 0x000002386463ae20, 0x0000023864638d50, 0x0000023864647180,
0x000002386464b030, 0x00000238646386c0, 0x000002386463a100, 0x000002386463a790,
0x000002386463b4b0, 0x00000238646393e0, 0x0000023864639a70, 0x000002387dd05b90,
0x000002387dd06f40, 0x000002387dd04e70, 0x000002387dd075d0, 0x000002387dd09010,
0x000002387dd0b770, 0x000002387dd096a0, 0x000002387dd0a3c0, 0x000002387dd08980,
0x000002387dd0aa50, 0x000002387dd0b0e0, 0x0000023845a36b60, 0x0000023845a34400,
0x0000023845a34a90, 0x0000023845a35120, 0x0000023845a35e40, 0x0000023845a364d0,
0x0000023845a336e0, 0x0000023845a33d70, 0x00000238463bb7c0
}

Java Threads: ( => current thread )
  0x00000238646bc2c0 JavaThread "main"                              [_thread_blocked, id=18584, stack(0x0000005772800000,0x0000005772900000) (1024K)]
  0x000002386462a510 JavaThread "Reference Handler"          daemon [_thread_blocked, id=29452, stack(0x0000005772c00000,0x0000005772d00000) (1024K)]
  0x000002386462d100 JavaThread "Finalizer"                  daemon [_thread_blocked, id=25360, stack(0x0000005772d00000,0x0000005772e00000) (1024K)]
  0x0000023864632060 JavaThread "Signal Dispatcher"          daemon [_thread_blocked, id=24496, stack(0x0000005772e00000,0x0000005772f00000) (1024K)]
=>0x0000023864635f90 JavaThread "Attach Listener"            daemon [_thread_in_vm, id=26596, stack(0x0000005772f00000,0x0000005773000000) (1024K)]
  0x000002386463ae20 JavaThread "Service Thread"             daemon [_thread_blocked, id=33160, stack(0x0000005773000000,0x0000005773100000) (1024K)]
  0x0000023864638d50 JavaThread "Monitor Deflation Thread"   daemon [_thread_blocked, id=28160, stack(0x0000005773100000,0x0000005773200000) (1024K)]
  0x0000023864647180 JavaThread "C2 CompilerThread0"         daemon [_thread_blocked, id=12540, stack(0x0000005773200000,0x0000005773300000) (1024K)]
  0x000002386464b030 JavaThread "C1 CompilerThread0"         daemon [_thread_blocked, id=1052, stack(0x0000005773300000,0x0000005773400000) (1024K)]
  0x00000238646386c0 JavaThread "Common-Cleaner"             daemon [_thread_blocked, id=22332, stack(0x0000005773500000,0x0000005773600000) (1024K)]
  0x000002386463a100 JavaThread "Notification Thread"        daemon [_thread_blocked, id=12644, stack(0x0000005773400000,0x0000005773500000) (1024K)]
  0x000002386463a790 JavaThread "Active Thread: Equinox Container: e5704961-5db9-4c9d-9a9b-c00496adf7c4"        [_thread_blocked, id=32120, stack(0x0000005773700000,0x0000005773800000) (1024K)]
  0x000002386463b4b0 JavaThread "Refresh Thread: Equinox Container: e5704961-5db9-4c9d-9a9b-c00496adf7c4" daemon [_thread_blocked, id=1576, stack(0x0000005773e00000,0x0000005773f00000) (1024K)]
  0x00000238646393e0 JavaThread "Framework Event Dispatcher: Equinox Container: e5704961-5db9-4c9d-9a9b-c00496adf7c4" daemon [_thread_blocked, id=2164, stack(0x0000005773f00000,0x0000005774000000) (1024K)]
  0x0000023864639a70 JavaThread "Start Level: Equinox Container: e5704961-5db9-4c9d-9a9b-c00496adf7c4" daemon [_thread_blocked, id=33584, stack(0x0000005774000000,0x0000005774100000) (1024K)]
  0x000002387dd05b90 JavaThread "Bundle File Closer"         daemon [_thread_blocked, id=31836, stack(0x0000005774200000,0x0000005774300000) (1024K)]
  0x000002387dd06f40 JavaThread "SCR Component Actor"        daemon [_thread_blocked, id=8892, stack(0x0000005774100000,0x0000005774200000) (1024K)]
  0x000002387dd04e70 JavaThread "Worker-JM"                         [_thread_blocked, id=31644, stack(0x0000005774500000,0x0000005774600000) (1024K)]
  0x000002387dd075d0 JavaThread "JNA Cleaner"                daemon [_thread_blocked, id=25820, stack(0x0000005774300000,0x0000005774400000) (1024K)]
  0x000002387dd09010 JavaThread "Java indexing"              daemon [_thread_blocked, id=30180, stack(0x0000005774a00000,0x0000005774b00000) (1024K)]
  0x000002387dd0b770 JavaThread "Thread-1"                   daemon [_thread_in_native, id=32176, stack(0x0000005775000000,0x0000005775100000) (1024K)]
  0x000002387dd096a0 JavaThread "Thread-2"                   daemon [_thread_in_native, id=32128, stack(0x0000005775100000,0x0000005775200000) (1024K)]
  0x000002387dd0a3c0 JavaThread "Thread-3"                   daemon [_thread_in_native, id=25772, stack(0x0000005775200000,0x0000005775300000) (1024K)]
  0x000002387dd08980 JavaThread "Thread-4"                   daemon [_thread_in_native, id=1540, stack(0x0000005775300000,0x0000005775400000) (1024K)]
  0x000002387dd0aa50 JavaThread "Thread-5"                   daemon [_thread_in_native, id=392, stack(0x0000005775400000,0x0000005775500000) (1024K)]
  0x000002387dd0b0e0 JavaThread "Thread-6"                   daemon [_thread_in_native, id=17164, stack(0x0000005775500000,0x0000005775600000) (1024K)]
  0x0000023845a36b60 JavaThread "Thread-7"                   daemon [_thread_in_native, id=32188, stack(0x0000005775600000,0x0000005775700000) (1024K)]
  0x0000023845a34400 JavaThread "Thread-8"                   daemon [_thread_in_native, id=17524, stack(0x0000005775700000,0x0000005775800000) (1024K)]
  0x0000023845a34a90 JavaThread "Thread-9"                   daemon [_thread_in_native, id=31052, stack(0x0000005775800000,0x0000005775900000) (1024K)]
  0x0000023845a35120 JavaThread "pool-2-thread-1"                   [_thread_blocked, id=19428, stack(0x0000005775900000,0x0000005775a00000) (1024K)]
  0x0000023845a35e40 JavaThread "WorkspaceEventsHandler"            [_thread_blocked, id=33116, stack(0x0000005775a00000,0x0000005775b00000) (1024K)]
  0x0000023845a364d0 JavaThread "pool-1-thread-1"                   [_thread_blocked, id=16980, stack(0x0000005775b00000,0x0000005775c00000) (1024K)]
  0x0000023845a336e0 JavaThread "Cleaner-0"                  daemon [_thread_blocked, id=3596, stack(0x0000005772700000,0x0000005772800000) (1024K)]
  0x0000023845a33d70 JavaThread "Worker-6"                          [_thread_blocked, id=32100, stack(0x0000005772500000,0x0000005772600000) (1024K)]
  0x00000238463bb7c0 JavaThread "Worker-11"                         [_thread_blocked, id=28108, stack(0x0000005774900000,0x0000005774a00000) (1024K)]
Total: 35

Other Threads:
  0x00000238646124e0 VMThread "VM Thread"                           [id=17616, stack(0x0000005772b00000,0x0000005772c00000) (1024K)]
  0x000002386472b990 WatcherThread "VM Periodic Task Thread"        [id=30928, stack(0x0000005772a00000,0x0000005772b00000) (1024K)]
  0x00000238646db820 WorkerThread "GC Thread#0"                     [id=29988, stack(0x0000005772900000,0x0000005772a00000) (1024K)]
  0x000002387d31dcc0 WorkerThread "GC Thread#1"                     [id=26880, stack(0x0000005773800000,0x0000005773900000) (1024K)]
  0x000002387cf7dbb0 WorkerThread "GC Thread#2"                     [id=31748, stack(0x0000005773900000,0x0000005773a00000) (1024K)]
  0x000002387cf7df60 WorkerThread "GC Thread#3"                     [id=22464, stack(0x0000005773a00000,0x0000005773b00000) (1024K)]
  0x000002387d21e690 WorkerThread "GC Thread#4"                     [id=30696, stack(0x0000005773b00000,0x0000005773c00000) (1024K)]
  0x000002387d21ea40 WorkerThread "GC Thread#5"                     [id=4908, stack(0x0000005773c00000,0x0000005773d00000) (1024K)]
  0x000002387d21edf0 WorkerThread "GC Thread#6"                     [id=16732, stack(0x0000005773d00000,0x0000005773e00000) (1024K)]
  0x000002387d1da7c0 WorkerThread "GC Thread#7"                     [id=31932, stack(0x0000005773600000,0x0000005773700000) (1024K)]
Total: 10

Threads with active compile tasks:
Total: 0

VM state: not at safepoint (normal execution)

VM Mutex/Monitor currently owned by a thread: None

Heap address: 0x0000000080000000, size: 2048 MB, Compressed Oops mode: 32-bit

CDS archive(s) mapped at: [0x0000023800000000-0x0000023800ba0000-0x0000023800ba0000), size 12189696, SharedBaseAddress: 0x0000023800000000, ArchiveRelocationMode: 1.
Compressed class space mapped at: 0x0000023801000000-0x0000023841000000, reserved size: 1073741824
Narrow klass base: 0x0000023800000000, Narrow klass shift: 0, Narrow klass range: 0x100000000

GC Precious Log:
 CardTable entry size: 512
 CPUs: 8 total, 8 available
 Memory: 7926M
 Large Page Support: Disabled
 NUMA Support: Disabled
 Compressed Oops: Enabled (32-bit)
 Alignments: Space 512K, Generation 512K, Heap 2M
 Heap Min Capacity: 100M
 Heap Initial Capacity: 100M
 Heap Max Capacity: 2G
 Pre-touch: Disabled
 Parallel Workers: 8

Heap:
 PSYoungGen      total 5120K, used 2417K [0x00000000d5580000, 0x00000000d5c00000, 0x0000000100000000)
  eden space 4608K, 48% used [0x00000000d5580000,0x00000000d57b4748,0x00000000d5a00000)
  from space 512K, 31% used [0x00000000d5b80000,0x00000000d5ba8000,0x00000000d5c00000)
  to   space 512K, 0% used [0x00000000d5b00000,0x00000000d5b00000,0x00000000d5b80000)
 ParOldGen       total 1080320K, used 1080306K [0x0000000080000000, 0x00000000c1f00000, 0x00000000d5580000)
  object space 1080320K, 99% used [0x0000000080000000,0x00000000c1efc958,0x00000000c1f00000)
 Metaspace       used 85058K, committed 86848K, reserved 1179648K
  class space    used 8812K, committed 9600K, reserved 1048576K

Card table byte_map: [0x0000023864060000,0x0000023864470000] _byte_map_base: 0x0000023863c60000

Marking Bits: (ParMarkBitMap*) 0x00007ffe50593450
 Begin Bits: [0x0000023876b70000, 0x0000023878b70000)
 End Bits:   [0x0000023878b70000, 0x000002387ab70000)

Polling page: 0x0000023862370000

Metaspace:

Usage:
  Non-class:     74.46 MB used.
      Class:      8.61 MB used.
       Both:     83.07 MB used.

Virtual space:
  Non-class space:      128.00 MB reserved,      75.44 MB ( 59%) committed,  2 nodes.
      Class space:        1.00 GB reserved,       9.38 MB ( <1%) committed,  1 nodes.
             Both:        1.12 GB reserved,      84.81 MB (  7%) committed. 

Chunk freelists:
   Non-Class:  3.80 MB
       Class:  6.52 MB
        Both:  10.32 MB

MaxMetaspaceSize: unlimited
CompressedClassSpaceSize: 1.00 GB
Initial GC threshold: 21.00 MB
Current GC threshold: 135.75 MB
CDS: on
 - commit_granule_bytes: 65536.
 - commit_granule_words: 8192.
 - virtual_space_node_default_size: 8388608.
 - enlarge_chunks_in_place: 1.
 - use_allocation_guard: 0.


Internal statistics:

num_allocs_failed_limit: 9.
num_arena_births: 1578.
num_arena_deaths: 24.
num_vsnodes_births: 3.
num_vsnodes_deaths: 0.
num_space_committed: 1357.
num_space_uncommitted: 0.
num_chunks_returned_to_freelist: 36.
num_chunks_taken_from_freelist: 5665.
num_chunk_merges: 10.
num_chunk_splits: 3407.
num_chunks_enlarged: 1896.
num_inconsistent_stats: 0.

CodeHeap 'non-profiled nmethods': size=120000Kb used=18962Kb max_used=18962Kb free=101037Kb
 bounds [0x000002386f390000, 0x0000023870620000, 0x00000238768c0000]
CodeHeap 'profiled nmethods': size=120000Kb used=43460Kb max_used=43460Kb free=76540Kb
 bounds [0x00000238678c0000, 0x000002386a340000, 0x000002386edf0000]
CodeHeap 'non-nmethods': size=5760Kb used=1521Kb max_used=1629Kb free=4239Kb
 bounds [0x000002386edf0000, 0x000002386f060000, 0x000002386f390000]
CodeCache: size=245760Kb, used=63943Kb, max_used=64051Kb, free=181816Kb
 total_blobs=17878, nmethods=17045, adapters=733, full_count=0
Compilation: enabled, stopped_count=0, restarted_count=0

Compilation events (20 events):
Event: 39264.318 Thread 0x0000023864647180 18595       4       java.lang.Thread::interrupted (7 bytes)
Event: 39264.383 Thread 0x0000023864647180 nmethod 18595 0x0000023870613a90 code [0x0000023870613c20, 0x0000023870613cd8]
Event: 52173.449 Thread 0x000002386464b030 18596       3       org.eclipse.core.internal.jobs.DeadlockDetector::indexOf (43 bytes)
Event: 52173.621 Thread 0x000002386464b030 nmethod 18596 0x000002386a329810 code [0x000002386a3299e0, 0x000002386a329e88]
Event: 52173.623 Thread 0x000002386464b030 18597       3       org.eclipse.core.internal.resources.MarkerSet::shareStrings (57 bytes)
Event: 52173.648 Thread 0x000002386464b030 nmethod 18597 0x000002386a32a010 code [0x000002386a32a1e0, 0x000002386a32a750]
Event: 56736.564 Thread 0x000002386464b030 18598       3       org.eclipse.core.internal.resources.MarkerAttributeMap::shareStrings (92 bytes)
Event: 56736.634 Thread 0x000002386464b030 nmethod 18598 0x000002386a32a910 code [0x000002386a32aba0, 0x000002386a32ba50]
Event: 64274.654 Thread 0x0000023864647180 18599       4       java.util.concurrent.locks.AbstractQueuedSynchronizer$Node::clearStatus (12 bytes)
Event: 64274.789 Thread 0x0000023864647180 nmethod 18599 0x0000023870613d90 code [0x0000023870613f20, 0x0000023870613fb0]
Event: 64282.106 Thread 0x000002386464b030 18600   !   3       org.eclipse.osgi.storage.Storage::save (62 bytes)
Event: 64282.154 Thread 0x000002386464b030 nmethod 18600 0x000002386a32bd90 code [0x000002386a32bf60, 0x000002386a32c2b0]
Event: 64282.154 Thread 0x000002386464b030 18601   !   3       org.eclipse.osgi.storage.Storage::save0 (246 bytes)
Event: 64282.324 Thread 0x000002386464b030 nmethod 18601 0x000002386a32c490 code [0x000002386a32c9a0, 0x000002386a32f588]
Event: 64614.994 Thread 0x0000023864647180 18602       4       java.util.concurrent.locks.AbstractQueuedSynchronizer$ConditionObject::canReacquire (38 bytes)
Event: 64615.009 Thread 0x0000023864647180 nmethod 18602 0x0000023870614090 code [0x0000023870614220, 0x0000023870614300]
Event: 64619.834 Thread 0x000002386464b030 18603       3       org.eclipse.core.internal.resources.MarkerInfo::shareStrings (21 bytes)
Event: 64619.848 Thread 0x000002386464b030 nmethod 18603 0x000002386a330b10 code [0x000002386a330ce0, 0x000002386a330ec0]
Event: 65092.321 Thread 0x0000023864647180 18604   !   4       java.util.concurrent.locks.AbstractQueuedSynchronizer::tryInitializeHead (66 bytes)
Event: 65092.345 Thread 0x0000023864647180 nmethod 18604 0x0000023870614410 code [0x00000238706145a0, 0x0000023870614760]

GC Heap History (20 events):
Event: 777.504 GC heap before
{Heap before GC invocations=927 (full 4):
 PSYoungGen      total 6656K, used 6336K [0x00000000d5580000, 0x00000000d5d00000, 0x0000000100000000)
  eden space 6144K, 100% used [0x00000000d5580000,0x00000000d5b80000,0x00000000d5b80000)
  from space 512K, 37% used [0x00000000d5c80000,0x00000000d5cb0000,0x00000000d5d00000)
  to   space 512K, 0% used [0x00000000d5c00000,0x00000000d5c00000,0x00000000d5c80000)
 ParOldGen       total 1076224K, used 1075888K [0x0000000080000000, 0x00000000c1b00000, 0x00000000d5580000)
  object space 1076224K, 99% used [0x0000000080000000,0x00000000c1aac2e8,0x00000000c1b00000)
 Metaspace       used 84941K, committed 86720K, reserved 1179648K
  class space    used 8812K, committed 9600K, reserved 1048576K
}
Event: 777.507 GC heap after
{Heap after GC invocations=927 (full 4):
 PSYoungGen      total 6656K, used 304K [0x00000000d5580000, 0x00000000d5d00000, 0x0000000100000000)
  eden space 6144K, 0% used [0x00000000d5580000,0x00000000d5580000,0x00000000d5b80000)
  from space 512K, 59% used [0x00000000d5c00000,0x00000000d5c4c010,0x00000000d5c80000)
  to   space 512K, 0% used [0x00000000d5c80000,0x00000000d5c80000,0x00000000d5d00000)
 ParOldGen       total 1076224K, used 1075912K [0x0000000080000000, 0x00000000c1b00000, 0x00000000d5580000)
  object space 1076224K, 99% used [0x0000000080000000,0x00000000c1ab22e8,0x00000000c1b00000)
 Metaspace       used 84941K, committed 86720K, reserved 1179648K
  class space    used 8812K, committed 9600K, reserved 1048576K
}
Event: 777.791 GC heap before
{Heap before GC invocations=928 (full 4):
 PSYoungGen      total 6656K, used 6448K [0x00000000d5580000, 0x00000000d5d00000, 0x0000000100000000)
  eden space 6144K, 100% used [0x00000000d5580000,0x00000000d5b80000,0x00000000d5b80000)
  from space 512K, 59% used [0x00000000d5c00000,0x00000000d5c4c010,0x00000000d5c80000)
  to   space 512K, 0% used [0x00000000d5c80000,0x00000000d5c80000,0x00000000d5d00000)
 ParOldGen       total 1076224K, used 1075912K [0x0000000080000000, 0x00000000c1b00000, 0x00000000d5580000)
  object space 1076224K, 99% used [0x0000000080000000,0x00000000c1ab22e8,0x00000000c1b00000)
 Metaspace       used 84943K, committed 86720K, reserved 1179648K
  class space    used 8812K, committed 9600K, reserved 1048576K
}
Event: 777.795 GC heap after
{Heap after GC invocations=928 (full 4):
 PSYoungGen      total 6144K, used 512K [0x00000000d5580000, 0x00000000d5e80000, 0x0000000100000000)
  eden space 5632K, 0% used [0x00000000d5580000,0x00000000d5580000,0x00000000d5b00000)
  from space 512K, 100% used [0x00000000d5c80000,0x00000000d5d00000,0x00000000d5d00000)
  to   space 1536K, 0% used [0x00000000d5b00000,0x00000000d5b00000,0x00000000d5c80000)
 ParOldGen       total 1076736K, used 1076419K [0x0000000080000000, 0x00000000c1b80000, 0x00000000d5580000)
  object space 1076736K, 99% used [0x0000000080000000,0x00000000c1b30c08,0x00000000c1b80000)
 Metaspace       used 84943K, committed 86720K, reserved 1179648K
  class space    used 8812K, committed 9600K, reserved 1048576K
}
Event: 778.161 GC heap before
{Heap before GC invocations=929 (full 4):
 PSYoungGen      total 6144K, used 6144K [0x00000000d5580000, 0x00000000d5e80000, 0x0000000100000000)
  eden space 5632K, 100% used [0x00000000d5580000,0x00000000d5b00000,0x00000000d5b00000)
  from space 512K, 100% used [0x00000000d5c80000,0x00000000d5d00000,0x00000000d5d00000)
  to   space 1536K, 0% used [0x00000000d5b00000,0x00000000d5b00000,0x00000000d5c80000)
 ParOldGen       total 1076736K, used 1076419K [0x0000000080000000, 0x00000000c1b80000, 0x00000000d5580000)
  object space 1076736K, 99% used [0x0000000080000000,0x00000000c1b30c08,0x00000000c1b80000)
 Metaspace       used 84944K, committed 86720K, reserved 1179648K
  class space    used 8812K, committed 9600K, reserved 1048576K
}
Event: 778.164 GC heap after
{Heap after GC invocations=929 (full 4):
 PSYoungGen      total 6144K, used 480K [0x00000000d5580000, 0x00000000d5d00000, 0x0000000100000000)
  eden space 5632K, 0% used [0x00000000d5580000,0x00000000d5580000,0x00000000d5b00000)
  from space 512K, 93% used [0x00000000d5b00000,0x00000000d5b78000,0x00000000d5b80000)
  to   space 1024K, 0% used [0x00000000d5c00000,0x00000000d5c00000,0x00000000d5d00000)
 ParOldGen       total 1077248K, used 1076941K [0x0000000080000000, 0x00000000c1c00000, 0x00000000d5580000)
  object space 1077248K, 99% used [0x0000000080000000,0x00000000c1bb3508,0x00000000c1c00000)
 Metaspace       used 84944K, committed 86720K, reserved 1179648K
  class space    used 8812K, committed 9600K, reserved 1048576K
}
Event: 781.227 GC heap before
{Heap before GC invocations=930 (full 4):
 PSYoungGen      total 6144K, used 6112K [0x00000000d5580000, 0x00000000d5d00000, 0x0000000100000000)
  eden space 5632K, 100% used [0x00000000d5580000,0x00000000d5b00000,0x00000000d5b00000)
  from space 512K, 93% used [0x00000000d5b00000,0x00000000d5b78000,0x00000000d5b80000)
  to   space 1024K, 0% used [0x00000000d5c00000,0x00000000d5c00000,0x00000000d5d00000)
 ParOldGen       total 1077248K, used 1076941K [0x0000000080000000, 0x00000000c1c00000, 0x00000000d5580000)
  object space 1077248K, 99% used [0x0000000080000000,0x00000000c1bb3508,0x00000000c1c00000)
 Metaspace       used 84953K, committed 86720K, reserved 1179648K
  class space    used 8812K, committed 9600K, reserved 1048576K
}
Event: 781.233 GC heap after
{Heap after GC invocations=930 (full 4):
 PSYoungGen      total 5632K, used 1008K [0x00000000d5580000, 0x00000000d5f00000, 0x0000000100000000)
  eden space 4608K, 0% used [0x00000000d5580000,0x00000000d5580000,0x00000000d5a00000)
  from space 1024K, 98% used [0x00000000d5c00000,0x00000000d5cfc010,0x00000000d5d00000)
  to   space 2048K, 0% used [0x00000000d5a00000,0x00000000d5a00000,0x00000000d5c00000)
 ParOldGen       total 1077760K, used 1077631K [0x0000000080000000, 0x00000000c1c80000, 0x00000000d5580000)
  object space 1077760K, 99% used [0x0000000080000000,0x00000000c1c5fe18,0x00000000c1c80000)
 Metaspace       used 84953K, committed 86720K, reserved 1179648K
  class space    used 8812K, committed 9600K, reserved 1048576K
}
Event: 781.380 GC heap before
{Heap before GC invocations=931 (full 4):
 PSYoungGen      total 5632K, used 5614K [0x00000000d5580000, 0x00000000d5f00000, 0x0000000100000000)
  eden space 4608K, 99% used [0x00000000d5580000,0x00000000d59ff948,0x00000000d5a00000)
  from space 1024K, 98% used [0x00000000d5c00000,0x00000000d5cfc010,0x00000000d5d00000)
  to   space 2048K, 0% used [0x00000000d5a00000,0x00000000d5a00000,0x00000000d5c00000)
 ParOldGen       total 1077760K, used 1077631K [0x0000000080000000, 0x00000000c1c80000, 0x00000000d5580000)
  object space 1077760K, 99% used [0x0000000080000000,0x00000000c1c5fe18,0x00000000c1c80000)
 Metaspace       used 84953K, committed 86720K, reserved 1179648K
  class space    used 8812K, committed 9600K, reserved 1048576K
}
Event: 781.387 GC heap after
{Heap after GC invocations=931 (full 4):
 PSYoungGen      total 5120K, used 160K [0x00000000d5580000, 0x00000000d5c80000, 0x0000000100000000)
  eden space 4608K, 0% used [0x00000000d5580000,0x00000000d5580000,0x00000000d5a00000)
  from space 512K, 31% used [0x00000000d5a00000,0x00000000d5a28000,0x00000000d5a80000)
  to   space 1024K, 0% used [0x00000000d5b80000,0x00000000d5b80000,0x00000000d5c80000)
 ParOldGen       total 1078784K, used 1078641K [0x0000000080000000, 0x00000000c1d80000, 0x00000000d5580000)
  object space 1078784K, 99% used [0x0000000080000000,0x00000000c1d5c728,0x00000000c1d80000)
 Metaspace       used 84953K, committed 86720K, reserved 1179648K
  class space    used 8812K, committed 9600K, reserved 1048576K
}
Event: 783.900 GC heap before
{Heap before GC invocations=932 (full 4):
 PSYoungGen      total 5120K, used 4768K [0x00000000d5580000, 0x00000000d5c80000, 0x0000000100000000)
  eden space 4608K, 100% used [0x00000000d5580000,0x00000000d5a00000,0x00000000d5a00000)
  from space 512K, 31% used [0x00000000d5a00000,0x00000000d5a28000,0x00000000d5a80000)
  to   space 1024K, 0% used [0x00000000d5b80000,0x00000000d5b80000,0x00000000d5c80000)
 ParOldGen       total 1078784K, used 1078641K [0x0000000080000000, 0x00000000c1d80000, 0x00000000d5580000)
  object space 1078784K, 99% used [0x0000000080000000,0x00000000c1d5c728,0x00000000c1d80000)
 Metaspace       used 84984K, committed 86720K, reserved 1179648K
  class space    used 8812K, committed 9600K, reserved 1048576K
}
Event: 783.905 GC heap after
{Heap after GC invocations=932 (full 4):
 PSYoungGen      total 5632K, used 880K [0x00000000d5580000, 0x00000000d5c80000, 0x0000000100000000)
  eden space 4608K, 0% used [0x00000000d5580000,0x00000000d5580000,0x00000000d5a00000)
  from space 1024K, 85% used [0x00000000d5b80000,0x00000000d5c5c010,0x00000000d5c80000)
  to   space 1024K, 0% used [0x00000000d5a80000,0x00000000d5a80000,0x00000000d5b80000)
 ParOldGen       total 1078784K, used 1078697K [0x0000000080000000, 0x00000000c1d80000, 0x00000000d5580000)
  object space 1078784K, 99% used [0x0000000080000000,0x00000000c1d6a728,0x00000000c1d80000)
 Metaspace       used 84984K, committed 86720K, reserved 1179648K
  class space    used 8812K, committed 9600K, reserved 1048576K
}
Event: 783.971 GC heap before
{Heap before GC invocations=933 (full 4):
 PSYoungGen      total 5632K, used 5488K [0x00000000d5580000, 0x00000000d5c80000, 0x0000000100000000)
  eden space 4608K, 100% used [0x00000000d5580000,0x00000000d5a00000,0x00000000d5a00000)
  from space 1024K, 85% used [0x00000000d5b80000,0x00000000d5c5c010,0x00000000d5c80000)
  to   space 1024K, 0% used [0x00000000d5a80000,0x00000000d5a80000,0x00000000d5b80000)
 ParOldGen       total 1078784K, used 1078697K [0x0000000080000000, 0x00000000c1d80000, 0x00000000d5580000)
  object space 1078784K, 99% used [0x0000000080000000,0x00000000c1d6a728,0x00000000c1d80000)
 Metaspace       used 84984K, committed 86720K, reserved 1179648K
  class space    used 8812K, committed 9600K, reserved 1048576K
}
Event: 783.975 GC heap after
{Heap after GC invocations=933 (full 4):
 PSYoungGen      total 5632K, used 224K [0x00000000d5580000, 0x00000000d5c00000, 0x0000000100000000)
  eden space 4608K, 0% used [0x00000000d5580000,0x00000000d5580000,0x00000000d5a00000)
  from space 1024K, 21% used [0x00000000d5a80000,0x00000000d5ab8000,0x00000000d5b80000)
  to   space 512K, 0% used [0x00000000d5b80000,0x00000000d5b80000,0x00000000d5c00000)
 ParOldGen       total 1079808K, used 1079396K [0x0000000080000000, 0x00000000c1e80000, 0x00000000d5580000)
  object space 1079808K, 99% used [0x0000000080000000,0x00000000c1e19038,0x00000000c1e80000)
 Metaspace       used 84984K, committed 86720K, reserved 1179648K
  class space    used 8812K, committed 9600K, reserved 1048576K
}
Event: 783.992 GC heap before
{Heap before GC invocations=934 (full 4):
 PSYoungGen      total 5632K, used 4832K [0x00000000d5580000, 0x00000000d5c00000, 0x0000000100000000)
  eden space 4608K, 100% used [0x00000000d5580000,0x00000000d5a00000,0x00000000d5a00000)
  from space 1024K, 21% used [0x00000000d5a80000,0x00000000d5ab8000,0x00000000d5b80000)
  to   space 512K, 0% used [0x00000000d5b80000,0x00000000d5b80000,0x00000000d5c00000)
 ParOldGen       total 1079808K, used 1079396K [0x0000000080000000, 0x00000000c1e80000, 0x00000000d5580000)
  object space 1079808K, 99% used [0x0000000080000000,0x00000000c1e19038,0x00000000c1e80000)
 Metaspace       used 84984K, committed 86720K, reserved 1179648K
  class space    used 8812K, committed 9600K, reserved 1048576K
}
Event: 783.996 GC heap after
{Heap after GC invocations=934 (full 4):
 PSYoungGen      total 5120K, used 512K [0x00000000d5580000, 0x00000000d5c00000, 0x0000000100000000)
  eden space 4608K, 0% used [0x00000000d5580000,0x00000000d5580000,0x00000000d5a00000)
  from space 512K, 100% used [0x00000000d5b80000,0x00000000d5c00000,0x00000000d5c00000)
  to   space 1024K, 0% used [0x00000000d5a00000,0x00000000d5a00000,0x00000000d5b00000)
 ParOldGen       total 1079808K, used 1079746K [0x0000000080000000, 0x00000000c1e80000, 0x00000000d5580000)
  object space 1079808K, 99% used [0x0000000080000000,0x00000000c1e70958,0x00000000c1e80000)
 Metaspace       used 84984K, committed 86720K, reserved 1179648K
  class space    used 8812K, committed 9600K, reserved 1048576K
}
Event: 784.476 GC heap before
{Heap before GC invocations=935 (full 4):
 PSYoungGen      total 5120K, used 5120K [0x00000000d5580000, 0x00000000d5c00000, 0x0000000100000000)
  eden space 4608K, 100% used [0x00000000d5580000,0x00000000d5a00000,0x00000000d5a00000)
  from space 512K, 100% used [0x00000000d5b80000,0x00000000d5c00000,0x00000000d5c00000)
  to   space 1024K, 0% used [0x00000000d5a00000,0x00000000d5a00000,0x00000000d5b00000)
 ParOldGen       total 1079808K, used 1079746K [0x0000000080000000, 0x00000000c1e80000, 0x00000000d5580000)
  object space 1079808K, 99% used [0x0000000080000000,0x00000000c1e70958,0x00000000c1e80000)
 Metaspace       used 84988K, committed 86720K, reserved 1179648K
  class space    used 8812K, committed 9600K, reserved 1048576K
}
Event: 784.480 GC heap after
{Heap after GC invocations=935 (full 4):
 PSYoungGen      total 5632K, used 256K [0x00000000d5580000, 0x00000000d5c00000, 0x0000000100000000)
  eden space 4608K, 0% used [0x00000000d5580000,0x00000000d5580000,0x00000000d5a00000)
  from space 1024K, 25% used [0x00000000d5a00000,0x00000000d5a40000,0x00000000d5b00000)
  to   space 512K, 0% used [0x00000000d5b80000,0x00000000d5b80000,0x00000000d5c00000)
 ParOldGen       total 1080320K, used 1080250K [0x0000000080000000, 0x00000000c1f00000, 0x00000000d5580000)
  object space 1080320K, 99% used [0x0000000080000000,0x00000000c1eee958,0x00000000c1f00000)
 Metaspace       used 84988K, committed 86720K, reserved 1179648K
  class space    used 8812K, committed 9600K, reserved 1048576K
}
Event: 784.510 GC heap before
{Heap before GC invocations=936 (full 4):
 PSYoungGen      total 5632K, used 4864K [0x00000000d5580000, 0x00000000d5c00000, 0x0000000100000000)
  eden space 4608K, 100% used [0x00000000d5580000,0x00000000d5a00000,0x00000000d5a00000)
  from space 1024K, 25% used [0x00000000d5a00000,0x00000000d5a40000,0x00000000d5b00000)
  to   space 512K, 0% used [0x00000000d5b80000,0x00000000d5b80000,0x00000000d5c00000)
 ParOldGen       total 1080320K, used 1080250K [0x0000000080000000, 0x00000000c1f00000, 0x00000000d5580000)
  object space 1080320K, 99% used [0x0000000080000000,0x00000000c1eee958,0x00000000c1f00000)
 Metaspace       used 84988K, committed 86720K, reserved 1179648K
  class space    used 8812K, committed 9600K, reserved 1048576K
}
Event: 784.514 GC heap after
{Heap after GC invocations=936 (full 4):
 PSYoungGen      total 5120K, used 160K [0x00000000d5580000, 0x00000000d5c00000, 0x0000000100000000)
  eden space 4608K, 0% used [0x00000000d5580000,0x00000000d5580000,0x00000000d5a00000)
  from space 512K, 31% used [0x00000000d5b80000,0x00000000d5ba8000,0x00000000d5c00000)
  to   space 512K, 0% used [0x00000000d5b00000,0x00000000d5b00000,0x00000000d5b80000)
 ParOldGen       total 1080320K, used 1080306K [0x0000000080000000, 0x00000000c1f00000, 0x00000000d5580000)
  object space 1080320K, 99% used [0x0000000080000000,0x00000000c1efc958,0x00000000c1f00000)
 Metaspace       used 84988K, committed 86720K, reserved 1179648K
  class space    used 8812K, committed 9600K, reserved 1048576K
}

Dll operation events (12 events):
Event: 0.015 Loaded shared library c:\Users\My Laptop\.vscode\extensions\redhat.java-1.54.0-win32-x64\jre\21.0.10-win32-x86_64\bin\java.dll
Event: 0.064 Loaded shared library c:\Users\My Laptop\.vscode\extensions\redhat.java-1.54.0-win32-x64\jre\21.0.10-win32-x86_64\bin\zip.dll
Event: 0.177 Loaded shared library C:\Users\My Laptop\.vscode\extensions\redhat.java-1.54.0-win32-x64\jre\21.0.10-win32-x86_64\bin\instrument.dll
Event: 0.191 Loaded shared library C:\Users\My Laptop\.vscode\extensions\redhat.java-1.54.0-win32-x64\jre\21.0.10-win32-x86_64\bin\net.dll
Event: 0.195 Loaded shared library C:\Users\My Laptop\.vscode\extensions\redhat.java-1.54.0-win32-x64\jre\21.0.10-win32-x86_64\bin\nio.dll
Event: 0.202 Loaded shared library C:\Users\My Laptop\.vscode\extensions\redhat.java-1.54.0-win32-x64\jre\21.0.10-win32-x86_64\bin\zip.dll
Event: 0.237 Loaded shared library C:\Users\My Laptop\.vscode\extensions\redhat.java-1.54.0-win32-x64\jre\21.0.10-win32-x86_64\bin\jimage.dll
Event: 0.485 Loaded shared library c:\Users\My Laptop\.vscode\extensions\redhat.java-1.54.0-win32-x64\jre\21.0.10-win32-x86_64\bin\verify.dll
Event: 22.873 Loaded shared library C:\Users\My Laptop\AppData\Roaming\Code\User\globalStorage\redhat.java\1.54.0\config_win\org.eclipse.equinox.launcher\org.eclipse.equinox.launcher.win32.win32.x86_64_1.3.0.v20260203-2149\eclipse_11919.dll
Event: 43.925 Loaded shared library C:\Users\My Laptop\AppData\Local\Temp\jna--704191794\jna17558988329122320328.dll
Event: 47.242 Loaded shared library C:\Users\My Laptop\.vscode\extensions\redhat.java-1.54.0-win32-x64\jre\21.0.10-win32-x86_64\bin\sunmscapi.dll
Event: 49.177 Loaded shared library C:\Users\My Laptop\.vscode\extensions\redhat.java-1.54.0-win32-x64\jre\21.0.10-win32-x86_64\bin\extnet.dll

Deoptimization events (20 events):
Event: 781.222 Thread 0x0000023845a39950 DEOPT PACKING pc=0x000002386a2b252c sp=0x00000057763fdad0
Event: 781.222 Thread 0x0000023845a39950 DEOPT UNPACKING pc=0x000002386ee478e2 sp=0x00000057763fd018 mode 0
Event: 781.246 Thread 0x0000023845a39950 Uncommon trap: trap_request=0xffffffc6 fr.pc=0x000002387059e0e4 relative=0x00000000000033a4
Event: 781.246 Thread 0x0000023845a39950 Uncommon trap: reason=bimorphic_or_optimized_type_check action=maybe_recompile pc=0x000002387059e0e4 method=org.eclipse.jdt.internal.core.util.Util.getUnresolvedJavaElement(Lorg/eclipse/jdt/internal/compiler/lookup/TypeBinding;Lorg/eclipse/jdt/core/Workin
Event: 781.246 Thread 0x0000023845a39950 DEOPT PACKING pc=0x000002387059e0e4 sp=0x00000057763fe4d0
Event: 781.246 Thread 0x0000023845a39950 DEOPT UNPACKING pc=0x000002386ee46da2 sp=0x00000057763fe4e8 mode 2
Event: 781.246 Thread 0x0000023845a39950 Uncommon trap: trap_request=0xffffffc6 fr.pc=0x000002386ff8ff18 relative=0x00000000000042b8
Event: 781.246 Thread 0x0000023845a39950 Uncommon trap: reason=bimorphic_or_optimized_type_check action=maybe_recompile pc=0x000002386ff8ff18 method=org.eclipse.jdt.core.dom.TypeBinding.getDeclaredMethods()[Lorg/eclipse/jdt/core/dom/IMethodBinding; @ 57 c2
Event: 781.246 Thread 0x0000023845a39950 DEOPT PACKING pc=0x000002386ff8ff18 sp=0x00000057763fe610
Event: 781.247 Thread 0x0000023845a39950 DEOPT UNPACKING pc=0x000002386ee46da2 sp=0x00000057763fe600 mode 2
Event: 783.740 Thread 0x0000023845a39950 Uncommon trap: trap_request=0xffffff45 fr.pc=0x000002386fe9c21c relative=0x000000000000021c
Event: 783.740 Thread 0x0000023845a39950 Uncommon trap: reason=unstable_if action=reinterpret pc=0x000002386fe9c21c method=org.eclipse.jdt.internal.compiler.lookup.MethodBinding.areParameterErasuresEqual(Lorg/eclipse/jdt/internal/compiler/lookup/MethodBinding;)Z @ 24 c2
Event: 783.740 Thread 0x0000023845a39950 DEOPT PACKING pc=0x000002386fe9c21c sp=0x00000057763fd720
Event: 783.740 Thread 0x0000023845a39950 DEOPT UNPACKING pc=0x000002386ee46da2 sp=0x00000057763fd6c0 mode 2
Event: 783.984 Thread 0x0000023845a39950 DEOPT PACKING pc=0x000002386a2b252c sp=0x00000057763fdad0
Event: 783.984 Thread 0x0000023845a39950 DEOPT UNPACKING pc=0x000002386ee478e2 sp=0x00000057763fd018 mode 0
Event: 783.996 Thread 0x0000023845a39950 Uncommon trap: trap_request=0xffffffc6 fr.pc=0x000002386ff8ff18 relative=0x00000000000042b8
Event: 783.996 Thread 0x0000023845a39950 Uncommon trap: reason=bimorphic_or_optimized_type_check action=maybe_recompile pc=0x000002386ff8ff18 method=org.eclipse.jdt.core.dom.TypeBinding.getDeclaredMethods()[Lorg/eclipse/jdt/core/dom/IMethodBinding; @ 57 c2
Event: 783.996 Thread 0x0000023845a39950 DEOPT PACKING pc=0x000002386ff8ff18 sp=0x00000057763fe610
Event: 783.996 Thread 0x0000023845a39950 DEOPT UNPACKING pc=0x000002386ee46da2 sp=0x00000057763fe600 mode 2

Classes loaded (20 events):
Event: 531.138 Loading class sun/security/ssl/PreSharedKeyExtension$PskIdentity
Event: 531.139 Loading class sun/security/ssl/PreSharedKeyExtension$PskIdentity done
Event: 531.140 Loading class sun/security/ssl/PreSharedKeyExtension$CHPreSharedKeySpec
Event: 531.141 Loading class sun/security/ssl/PreSharedKeyExtension$CHPreSharedKeySpec done
Event: 531.142 Loading class sun/security/ssl/PreSharedKeyExtension$PartialClientHelloMessage
Event: 531.142 Loading class sun/security/ssl/PreSharedKeyExtension$PartialClientHelloMessage done
Event: 531.142 Loading class sun/security/ssl/SSLEngineOutputRecord
Event: 531.143 Loading class sun/security/ssl/SSLEngineOutputRecord done
Event: 531.143 Loading class sun/security/ssl/SSLEngineOutputRecord$HandshakeFragment
Event: 531.143 Loading class sun/security/ssl/SSLEngineOutputRecord$HandshakeFragment done
Event: 531.143 Loading class sun/security/ssl/SSLEngineOutputRecord$HandshakeMemo
Event: 531.143 Loading class sun/security/ssl/SSLEngineOutputRecord$RecordMemo
Event: 531.143 Loading class sun/security/ssl/SSLEngineOutputRecord$RecordMemo done
Event: 531.143 Loading class sun/security/ssl/SSLEngineOutputRecord$HandshakeMemo done
Event: 531.170 Loading class sun/security/ssl/PreSharedKeyExtension$SHPreSharedKeySpec
Event: 531.170 Loading class sun/security/ssl/PreSharedKeyExtension$SHPreSharedKeySpec done
Event: 642.255 Loading class java/lang/StringLatin1$CharsSpliterator
Event: 642.257 Loading class java/lang/StringLatin1$CharsSpliterator done
Event: 672.177 Loading class java/nio/channels/CompletionHandler
Event: 672.180 Loading class java/nio/channels/CompletionHandler done

Classes unloaded (12 events):
Event: 44.587 Thread 0x00000238646124e0 Unloading class 0x00000238011a8800 'java/lang/invoke/LambdaForm$MH+0x00000238011a8800'
Event: 44.587 Thread 0x00000238646124e0 Unloading class 0x00000238011a8400 'java/lang/invoke/LambdaForm$MH+0x00000238011a8400'
Event: 44.587 Thread 0x00000238646124e0 Unloading class 0x00000238011a8000 'java/lang/invoke/LambdaForm$MH+0x00000238011a8000'
Event: 44.587 Thread 0x00000238646124e0 Unloading class 0x00000238011a7c00 'java/lang/invoke/LambdaForm$MH+0x00000238011a7c00'
Event: 44.587 Thread 0x00000238646124e0 Unloading class 0x00000238011a7800 'java/lang/invoke/LambdaForm$BMH+0x00000238011a7800'
Event: 44.587 Thread 0x00000238646124e0 Unloading class 0x00000238011a7400 'java/lang/invoke/LambdaForm$DMH+0x00000238011a7400'
Event: 44.587 Thread 0x00000238646124e0 Unloading class 0x00000238011a6400 'java/lang/invoke/LambdaForm$DMH+0x00000238011a6400'
Event: 529.086 Thread 0x00000238646124e0 Unloading class 0x00000238016e9c00 'java/lang/invoke/LambdaForm$MH+0x00000238016e9c00'
Event: 529.086 Thread 0x00000238646124e0 Unloading class 0x00000238016e9000 'java/lang/invoke/LambdaForm$MH+0x00000238016e9000'
Event: 529.086 Thread 0x00000238646124e0 Unloading class 0x00000238016e8c00 'java/lang/invoke/LambdaForm$MH+0x00000238016e8c00'
Event: 529.086 Thread 0x00000238646124e0 Unloading class 0x00000238016e8000 'java/lang/invoke/LambdaForm$MH+0x00000238016e8000'
Event: 529.086 Thread 0x00000238646124e0 Unloading class 0x00000238016e1800 'java/lang/invoke/LambdaForm$MH+0x00000238016e1800'

Classes redefined (0 events):
No events

Internal exceptions (20 events):
Event: 678.499 Thread 0x0000023845a364d0 Implicit null exception at 0x0000023870102e88 to 0x0000023870102eb1
Event: 678.714 Thread 0x0000023845a364d0 Implicit null exception at 0x000002386ff219dc to 0x000002386ff21ab0
Event: 680.528 Thread 0x000002387fa943f0 Exception <a 'java/lang/ArrayIndexOutOfBoundsException'{0x00000000d5b6aae0}> (0x00000000d5b6aae0) 
thrown [s\src\hotspot\share\runtime\sharedRuntime.cpp, line 625]
Event: 680.541 Thread 0x000002387fa943f0 Exception <a 'java/lang/ArrayIndexOutOfBoundsException'{0x00000000d56c6450}> (0x00000000d56c6450) 
thrown [s\src\hotspot\share\runtime\sharedRuntime.cpp, line 625]
Event: 680.553 Thread 0x0000023845a39950 Exception <a 'java/lang/ArrayIndexOutOfBoundsException'{0x00000000d5a96b28}> (0x00000000d5a96b28) 
thrown [s\src\hotspot\share\runtime\sharedRuntime.cpp, line 625]
Event: 680.567 Thread 0x0000023845a39950 Exception <a 'java/lang/ArrayIndexOutOfBoundsException'{0x00000000d5698db0}> (0x00000000d5698db0) 
thrown [s\src\hotspot\share\runtime\sharedRuntime.cpp, line 625]
Event: 680.601 Thread 0x0000023845a364d0 Exception <a 'java/lang/ArrayIndexOutOfBoundsException'{0x00000000d5bb3eb8}> (0x00000000d5bb3eb8) 
thrown [s\src\hotspot\share\runtime\sharedRuntime.cpp, line 625]
Event: 680.613 Thread 0x0000023845a38c30 Exception <a 'java/lang/ArrayIndexOutOfBoundsException'{0x00000000d56f5300}> (0x00000000d56f5300) 
thrown [s\src\hotspot\share\runtime\sharedRuntime.cpp, line 625]
Event: 680.618 Thread 0x0000023845a38c30 Exception <a 'java/lang/ArrayIndexOutOfBoundsException'{0x00000000d581abe0}> (0x00000000d581abe0) 
thrown [s\src\hotspot\share\runtime\sharedRuntime.cpp, line 625]
Event: 681.384 Thread 0x0000023845a39950 Exception <a 'java/lang/ArrayIndexOutOfBoundsException'{0x00000000d5ad9cb8}> (0x00000000d5ad9cb8) 
thrown [s\src\hotspot\share\runtime\sharedRuntime.cpp, line 625]
Event: 682.314 Thread 0x000002387fa943f0 Exception <a 'java/lang/ArrayIndexOutOfBoundsException'{0x00000000d5af5d90}> (0x00000000d5af5d90) 
thrown [s\src\hotspot\share\runtime\sharedRuntime.cpp, line 625]
Event: 687.488 Thread 0x0000023845a38c30 Exception <a 'java/lang/ArrayIndexOutOfBoundsException'{0x00000000d55ac580}> (0x00000000d55ac580) 
thrown [s\src\hotspot\share\runtime\sharedRuntime.cpp, line 625]
Event: 690.705 Thread 0x0000023845a38c30 Exception <a 'java/lang/ArrayIndexOutOfBoundsException'{0x00000000d5808560}> (0x00000000d5808560) 
thrown [s\src\hotspot\share\runtime\sharedRuntime.cpp, line 625]
Event: 707.977 Thread 0x000002387fa943f0 Exception <a 'java/lang/ArrayIndexOutOfBoundsException'{0x00000000d5bcd8e0}> (0x00000000d5bcd8e0) 
thrown [s\src\hotspot\share\runtime\sharedRuntime.cpp, line 625]
Event: 708.552 Thread 0x000002387fa943f0 Exception <a 'java/lang/ArrayIndexOutOfBoundsException'{0x00000000d5bc8950}> (0x00000000d5bc8950) 
thrown [s\src\hotspot\share\runtime\sharedRuntime.cpp, line 625]
Event: 715.126 Thread 0x000002387fa943f0 Exception <a 'java/lang/ArrayIndexOutOfBoundsException'{0x00000000d5a93108}> (0x00000000d5a93108) 
thrown [s\src\hotspot\share\runtime\sharedRuntime.cpp, line 625]
Event: 715.587 Thread 0x0000023845a39950 Exception <a 'java/lang/ArrayIndexOutOfBoundsException'{0x00000000d5b8f758}> (0x00000000d5b8f758) 
thrown [s\src\hotspot\share\runtime\sharedRuntime.cpp, line 625]
Event: 717.859 Thread 0x0000023845a39950 Exception <a 'java/lang/ArrayIndexOutOfBoundsException'{0x00000000d56b0348}> (0x00000000d56b0348) 
thrown [s\src\hotspot\share\runtime\sharedRuntime.cpp, line 625]
Event: 733.241 Thread 0x00000238463baaa0 Implicit null exception at 0x00000238702c1416 to 0x00000238702c22a4
Event: 777.466 Thread 0x0000023845a33d70 Implicit null exception at 0x00000238703dee8f to 0x00000238703e6450

ZGC Phase Switch (0 events):
No events

VM Operations (20 events):
Event: 64938.601 Executing non-safepoint VM operation: HandshakeAllThreads (HandshakeForDeflation)
Event: 64938.602 Executing non-safepoint VM operation: HandshakeAllThreads (HandshakeForDeflation) done
Event: 64938.602 Executing non-safepoint VM operation: RendezvousGCThreads
Event: 64938.602 Executing non-safepoint VM operation: RendezvousGCThreads done
Event: 64998.633 Executing non-safepoint VM operation: HandshakeAllThreads (HandshakeForDeflation)
Event: 64998.633 Executing non-safepoint VM operation: HandshakeAllThreads (HandshakeForDeflation) done
Event: 64998.633 Executing non-safepoint VM operation: RendezvousGCThreads
Event: 64998.633 Executing non-safepoint VM operation: RendezvousGCThreads done
Event: 65118.784 Executing non-safepoint VM operation: HandshakeAllThreads (HandshakeForDeflation)
Event: 65118.784 Executing non-safepoint VM operation: HandshakeAllThreads (HandshakeForDeflation) done
Event: 65118.784 Executing non-safepoint VM operation: RendezvousGCThreads
Event: 65118.784 Executing non-safepoint VM operation: RendezvousGCThreads done
Event: 65178.863 Executing non-safepoint VM operation: HandshakeAllThreads (HandshakeForDeflation)
Event: 65178.867 Executing non-safepoint VM operation: HandshakeAllThreads (HandshakeForDeflation) done
Event: 65178.867 Executing non-safepoint VM operation: RendezvousGCThreads
Event: 65178.867 Executing non-safepoint VM operation: RendezvousGCThreads done
Event: 65238.971 Executing non-safepoint VM operation: HandshakeAllThreads (HandshakeForDeflation)
Event: 65238.973 Executing non-safepoint VM operation: HandshakeAllThreads (HandshakeForDeflation) done
Event: 65238.973 Executing non-safepoint VM operation: RendezvousGCThreads
Event: 65238.973 Executing non-safepoint VM operation: RendezvousGCThreads done

Memory protections (0 events):
No events

Nmethod flushes (20 events):
Event: 529.194 Thread 0x00000238646124e0 flushing  nmethod 0x00000238685db710
Event: 529.194 Thread 0x00000238646124e0 flushing  nmethod 0x00000238685dce10
Event: 529.194 Thread 0x00000238646124e0 flushing  nmethod 0x00000238685dd310
Event: 529.194 Thread 0x00000238646124e0 flushing  nmethod 0x00000238685eb810
Event: 529.194 Thread 0x00000238646124e0 flushing  nmethod 0x00000238685eea90
Event: 529.194 Thread 0x00000238646124e0 flushing  nmethod 0x00000238685fbb90
Event: 529.194 Thread 0x00000238646124e0 flushing  nmethod 0x00000238685fbf90
Event: 529.194 Thread 0x00000238646124e0 flushing  nmethod 0x00000238685fc390
Event: 529.194 Thread 0x00000238646124e0 flushing  nmethod 0x000002386860b010
Event: 529.194 Thread 0x00000238646124e0 flushing  nmethod 0x000002386860ba90
Event: 529.194 Thread 0x00000238646124e0 flushing  nmethod 0x000002386860d510
Event: 529.194 Thread 0x00000238646124e0 flushing  nmethod 0x0000023868617f90
Event: 529.194 Thread 0x00000238646124e0 flushing  nmethod 0x0000023868639690
Event: 529.194 Thread 0x00000238646124e0 flushing  nmethod 0x000002386863e090
Event: 529.194 Thread 0x00000238646124e0 flushing  nmethod 0x000002386864b710
Event: 529.194 Thread 0x00000238646124e0 flushing  nmethod 0x0000023868652810
Event: 529.194 Thread 0x00000238646124e0 flushing  nmethod 0x000002386865db90
Event: 529.194 Thread 0x00000238646124e0 flushing  nmethod 0x00000238686b5a90
Event: 529.194 Thread 0x00000238646124e0 flushing  nmethod 0x0000023868708010
Event: 529.194 Thread 0x00000238646124e0 flushing  nmethod 0x0000023868709110

Events (20 events):
Event: 681.591 Thread 0x00000238463bbe50 Thread exited: 0x00000238463bbe50
Event: 695.171 Thread 0x00000238463bec40 Thread exited: 0x00000238463bec40
Event: 708.593 Thread 0x00000238463ba410 Thread exited: 0x00000238463ba410
Event: 721.236 Thread 0x0000023864647180 Thread added: 0x0000023846becf00
Event: 722.704 Thread 0x000002387fa99940 Thread exited: 0x000002387fa99940
Event: 723.141 Thread 0x0000023846becf00 Thread exited: 0x0000023846becf00
Event: 769.895 Thread 0x0000023864647180 Thread added: 0x0000023846be9f50
Event: 774.903 Thread 0x0000023846be9f50 Thread exited: 0x0000023846be9f50
Event: 783.919 Thread 0x0000023864647180 Thread added: 0x0000023846bedca0
Event: 783.919 Thread 0x0000023864647180 Thread added: 0x0000023846bee370
Event: 784.186 Thread 0x0000023846bee370 Thread exited: 0x0000023846bee370
Event: 784.186 Thread 0x0000023846bedca0 Thread exited: 0x0000023846bedca0
Event: 844.216 Thread 0x000002387fa93d60 Thread exited: 0x000002387fa93d60
Event: 892.315 Thread 0x0000023845a39950 Thread exited: 0x0000023845a39950
Event: 952.384 Thread 0x00000238463baaa0 Thread exited: 0x00000238463baaa0
Event: 1013.435 Thread 0x0000023845a3ad00 Thread exited: 0x0000023845a3ad00
Event: 1072.576 Thread 0x0000023845a392c0 Thread exited: 0x0000023845a392c0
Event: 1132.557 Thread 0x0000023845a38c30 Thread exited: 0x0000023845a38c30
Event: 1193.177 Thread 0x0000023845a39fe0 Thread exited: 0x0000023845a39fe0
Event: 1252.780 Thread 0x000002387fa943f0 Thread exited: 0x000002387fa943f0


Dynamic libraries:
0x00007ff723a60000 - 0x00007ff723a6e000 	c:\Users\My Laptop\.vscode\extensions\redhat.java-1.54.0-win32-x64\jre\21.0.10-win32-x86_64\bin\java.exe
0x00007fff43ca0000 - 0x00007fff43f07000 	C:\WINDOWS\SYSTEM32\ntdll.dll
0x00007fff42e80000 - 0x00007fff42f49000 	C:\WINDOWS\System32\KERNEL32.DLL
0x00007fff40870000 - 0x00007fff40c67000 	C:\WINDOWS\System32\KERNELBASE.dll
0x00007fff41610000 - 0x00007fff4175b000 	C:\WINDOWS\System32\ucrtbase.dll
0x00007fff17960000 - 0x00007fff1797e000 	c:\Users\My Laptop\.vscode\extensions\redhat.java-1.54.0-win32-x64\jre\21.0.10-win32-x86_64\bin\VCRUNTIME140.dll
0x00007fff0e490000 - 0x00007fff0e4a8000 	c:\Users\My Laptop\.vscode\extensions\redhat.java-1.54.0-win32-x64\jre\21.0.10-win32-x86_64\bin\jli.dll
0x00007fff43960000 - 0x00007fff43b26000 	C:\WINDOWS\System32\USER32.dll
0x00007fff36920000 - 0x00007fff36bb2000 	C:\WINDOWS\WinSxS\amd64_microsoft.windows.common-controls_6595b64144ccf1df_6.0.26100.8457_none_3e0b2faee331e92d\COMCTL32.dll
0x00007fff40840000 - 0x00007fff40867000 	C:\WINDOWS\System32\win32u.dll
0x00007fff43160000 - 0x00007fff43209000 	C:\WINDOWS\System32\msvcrt.dll
0x00007fff43b30000 - 0x00007fff43b5b000 	C:\WINDOWS\System32\GDI32.dll
0x00007fff414e0000 - 0x00007fff4160c000 	C:\WINDOWS\System32\gdi32full.dll
0x00007fff40790000 - 0x00007fff40833000 	C:\WINDOWS\System32\msvcp_win.dll
0x00007fff43920000 - 0x00007fff43952000 	C:\WINDOWS\System32\IMM32.DLL
0x00007fff3c460000 - 0x00007fff3c46c000 	c:\Users\My Laptop\.vscode\extensions\redhat.java-1.54.0-win32-x64\jre\21.0.10-win32-x86_64\bin\vcruntime140_1.dll
0x00007ffebe7d0000 - 0x00007ffebe85d000 	c:\Users\My Laptop\.vscode\extensions\redhat.java-1.54.0-win32-x64\jre\21.0.10-win32-x86_64\bin\msvcp140.dll
0x00007ffe4f8d0000 - 0x00007ffe50671000 	c:\Users\My Laptop\.vscode\extensions\redhat.java-1.54.0-win32-x64\jre\21.0.10-win32-x86_64\bin\server\jvm.dll
0x00007fff41aa0000 - 0x00007fff41b56000 	C:\WINDOWS\System32\ADVAPI32.dll
0x00007fff433f0000 - 0x00007fff43497000 	C:\WINDOWS\System32\sechost.dll
0x00007fff42150000 - 0x00007fff42268000 	C:\WINDOWS\System32\RPCRT4.dll
0x00007fff41b60000 - 0x00007fff41be0000 	C:\WINDOWS\System32\WS2_32.dll
0x00007fff40550000 - 0x00007fff405ae000 	C:\WINDOWS\SYSTEM32\POWRPROF.dll
0x00007fff3ab50000 - 0x00007fff3ab5b000 	C:\WINDOWS\SYSTEM32\VERSION.dll
0x00007fff36d20000 - 0x00007fff36d56000 	C:\WINDOWS\SYSTEM32\WINMM.dll
0x00007fff40530000 - 0x00007fff40544000 	C:\WINDOWS\SYSTEM32\UMPDC.dll
0x00007fff3f440000 - 0x00007fff3f45b000 	C:\WINDOWS\SYSTEM32\kernel.appcore.dll
0x00007fff2e220000 - 0x00007fff2e22a000 	c:\Users\My Laptop\.vscode\extensions\redhat.java-1.54.0-win32-x64\jre\21.0.10-win32-x86_64\bin\jimage.dll
0x00007fff3e6e0000 - 0x00007fff3e922000 	C:\WINDOWS\SYSTEM32\DBGHELP.DLL
0x00007fff43510000 - 0x00007fff43893000 	C:\WINDOWS\System32\combase.dll
0x00007fff42b50000 - 0x00007fff42c29000 	C:\WINDOWS\System32\OLEAUT32.dll
0x00007fff2e260000 - 0x00007fff2e29b000 	C:\WINDOWS\SYSTEM32\dbgcore.DLL
0x00007fff417f0000 - 0x00007fff41898000 	C:\WINDOWS\System32\bcryptPrimitives.dll
0x00007fff2a010000 - 0x00007fff2a01f000 	c:\Users\My Laptop\.vscode\extensions\redhat.java-1.54.0-win32-x64\jre\21.0.10-win32-x86_64\bin\instrument.dll
0x00007fff0e230000 - 0x00007fff0e250000 	c:\Users\My Laptop\.vscode\extensions\redhat.java-1.54.0-win32-x64\jre\21.0.10-win32-x86_64\bin\java.dll
0x00007fff42270000 - 0x00007fff429de000 	C:\WINDOWS\System32\SHELL32.dll
0x00007fff40c70000 - 0x00007fff414dc000 	C:\WINDOWS\System32\windows.storage.dll
0x00007fff43060000 - 0x00007fff43156000 	C:\WINDOWS\System32\SHCORE.dll
0x00007fff42e10000 - 0x00007fff42e76000 	C:\WINDOWS\System32\shlwapi.dll
0x00007fff405f0000 - 0x00007fff40619000 	C:\WINDOWS\SYSTEM32\profapi.dll
0x00007fff0e1c0000 - 0x00007fff0e1d8000 	c:\Users\My Laptop\.vscode\extensions\redhat.java-1.54.0-win32-x64\jre\21.0.10-win32-x86_64\bin\zip.dll
0x00007fff29f90000 - 0x00007fff29fa0000 	C:\Users\My Laptop\.vscode\extensions\redhat.java-1.54.0-win32-x64\jre\21.0.10-win32-x86_64\bin\net.dll
0x00007fff3aba0000 - 0x00007fff3acc9000 	C:\WINDOWS\SYSTEM32\WINHTTP.dll
0x00007fff3f9d0000 - 0x00007fff3fa3c000 	C:\WINDOWS\system32\mswsock.dll
0x00007fff05810000 - 0x00007fff05826000 	C:\Users\My Laptop\.vscode\extensions\redhat.java-1.54.0-win32-x64\jre\21.0.10-win32-x86_64\bin\nio.dll
0x00007fff28e10000 - 0x00007fff28e20000 	c:\Users\My Laptop\.vscode\extensions\redhat.java-1.54.0-win32-x64\jre\21.0.10-win32-x86_64\bin\verify.dll
0x00007ffeccb50000 - 0x00007ffeccb95000 	C:\Users\My Laptop\AppData\Roaming\Code\User\globalStorage\redhat.java\1.54.0\config_win\org.eclipse.equinox.launcher\org.eclipse.equinox.launcher.win32.win32.x86_64_1.3.0.v20260203-2149\eclipse_11919.dll
0x00007fff43250000 - 0x00007fff433e7000 	C:\WINDOWS\System32\ole32.dll
0x00007fff3fcb0000 - 0x00007fff3fccb000 	C:\WINDOWS\SYSTEM32\CRYPTSP.dll
0x00007fff3f390000 - 0x00007fff3f3c9000 	C:\WINDOWS\system32\rsaenh.dll
0x00007fff3fa80000 - 0x00007fff3fab3000 	C:\WINDOWS\SYSTEM32\USERENV.dll
0x00007fff405c0000 - 0x00007fff405ea000 	C:\WINDOWS\SYSTEM32\bcrypt.dll
0x00007fff3fcd0000 - 0x00007fff3fcdc000 	C:\WINDOWS\SYSTEM32\CRYPTBASE.dll
0x00007fff3ee20000 - 0x00007fff3ee52000 	C:\WINDOWS\SYSTEM32\IPHLPAPI.DLL
0x00007fff43240000 - 0x00007fff4324a000 	C:\WINDOWS\System32\NSI.dll
0x00007ffec0db0000 - 0x00007ffec0df9000 	C:\Users\My Laptop\AppData\Local\Temp\jna--704191794\jna17558988329122320328.dll
0x00007fff434a0000 - 0x00007fff434a8000 	C:\WINDOWS\System32\PSAPI.DLL
0x00007fff3b650000 - 0x00007fff3b66d000 	C:\WINDOWS\SYSTEM32\dhcpcsvc6.DLL
0x00007fff3b5b0000 - 0x00007fff3b5d5000 	C:\WINDOWS\SYSTEM32\dhcpcsvc.DLL
0x00007fff3c4b0000 - 0x00007fff3c4be000 	C:\Users\My Laptop\.vscode\extensions\redhat.java-1.54.0-win32-x64\jre\21.0.10-win32-x86_64\bin\sunmscapi.dll
0x00007fff418a0000 - 0x00007fff41a18000 	C:\WINDOWS\System32\CRYPT32.dll
0x00007fff3fed0000 - 0x00007fff3ff00000 	C:\WINDOWS\SYSTEM32\ncrypt.dll
0x00007fff3fe80000 - 0x00007fff3febf000 	C:\WINDOWS\SYSTEM32\NTASN1.dll
0x00007fff3ee60000 - 0x00007fff3ef92000 	C:\WINDOWS\SYSTEM32\DNSAPI.dll
0x00007fff3a3d0000 - 0x00007fff3a3db000 	C:\Windows\System32\rasadhlp.dll
0x00007fff3b840000 - 0x00007fff3b8c6000 	C:\WINDOWS\System32\fwpuclnt.dll
0x00007fff28d00000 - 0x00007fff28d09000 	C:\Users\My Laptop\.vscode\extensions\redhat.java-1.54.0-win32-x64\jre\21.0.10-win32-x86_64\bin\extnet.dll
0x00007fff3f560000 - 0x00007fff3f596000 	C:\WINDOWS\SYSTEM32\ntmarta.dll
0x00007fff38d40000 - 0x00007fff38d48000 	C:\WINDOWS\system32\wshunix.dll

JVMTI agents:
c:\Users\My Laptop\.vscode\extensions\redhat.java-1.54.0-win32-x64\lombok\lombok-1.18.39-4050.jar path:c:\Users\My Laptop\.vscode\extensions\redhat.java-1.54.0-win32-x64\jre\21.0.10-win32-x86_64\bin\instrument.dll, loaded, initialized, instrumentlib options:none

dbghelp: loaded successfully - version: 4.0.5 - missing functions: none
symbol engine: initialized successfully - sym options: 0x614 - pdb path: .;c:\Users\My Laptop\.vscode\extensions\redhat.java-1.54.0-win32-x64\jre\21.0.10-win32-x86_64\bin;C:\WINDOWS\SYSTEM32;C:\WINDOWS\WinSxS\amd64_microsoft.windows.common-controls_6595b64144ccf1df_6.0.26100.8457_none_3e0b2faee331e92d;c:\Users\My Laptop\.vscode\extensions\redhat.java-1.54.0-win32-x64\jre\21.0.10-win32-x86_64\bin\server;C:\Users\My Laptop\AppData\Roaming\Code\User\globalStorage\redhat.java\1.54.0\config_win\org.eclipse.equinox.launcher\org.eclipse.equinox.launcher.win32.win32.x86_64_1.3.0.v20260203-2149;C:\Users\My Laptop\AppData\Local\Temp\jna--704191794

VM Arguments:
jvm_args: --add-modules=ALL-SYSTEM --add-opens=java.base/java.util=ALL-UNNAMED --add-opens=java.base/java.lang=ALL-UNNAMED --add-opens=java.base/sun.nio.fs=ALL-UNNAMED -Declipse.application=org.eclipse.jdt.ls.core.id1 -Dosgi.bundles.defaultStartLevel=4 -Declipse.product=org.eclipse.jdt.ls.core.product -Djava.import.generatesMetadataFilesAtProjectRoot=false -DDetectVMInstallationsJob.disabled=true -Dfile.encoding=utf8 -XX:+UseParallelGC -XX:GCTimeRatio=4 -XX:AdaptiveSizePolicyWeight=90 -Dsun.zip.disableMemoryMapping=true -Xmx2G -Xms100m -Xlog:disable -javaagent:c:\Users\My Laptop\.vscode\extensions\redhat.java-1.54.0-win32-x64\lombok\lombok-1.18.39-4050.jar -XX:+HeapDumpOnOutOfMemoryError -XX:HeapDumpPath=c:\Users\My Laptop\AppData\Roaming\Code\User\workspaceStorage\a01366a5605dd489c03fbb4a3357ad19\redhat.java -Daether.dependencyCollector.impl=bf 
java_command: c:\Users\My Laptop\.vscode\extensions\redhat.java-1.54.0-win32-x64\server\plugins\org.eclipse.equinox.launcher_1.7.100.v20251111-0406.jar -configuration c:\Users\My Laptop\AppData\Roaming\Code\User\globalStorage\redhat.java\1.54.0\config_win -data c:\Users\My Laptop\AppData\Roaming\Code\User\workspaceStorage\a01366a5605dd489c03fbb4a3357ad19\redhat.java\jdt_ws --pipe=\\.\pipe\lsp-a869643eb772653abf57a3e2de8d3a03-sock
java_class_path (initial): c:\Users\My Laptop\.vscode\extensions\redhat.java-1.54.0-win32-x64\server\plugins\org.eclipse.equinox.launcher_1.7.100.v20251111-0406.jar
Launcher Type: SUN_STANDARD

[Global flags]
    uintx AdaptiveSizePolicyWeight                 = 90                                        {product} {command line}
     intx CICompilerCount                          = 4                                         {product} {ergonomic}
    uintx GCTimeRatio                              = 4                                         {product} {command line}
     bool HeapDumpOnOutOfMemoryError               = true                                   {manageable} {command line}
    ccstr HeapDumpPath                             = c:\Users\My Laptop\AppData\Roaming\Code\User\workspaceStorage\a01366a5605dd489c03fbb4a3357ad19\redhat.java         {manageable} {command line}
   size_t InitialHeapSize                          = 104857600                                 {product} {command line}
   size_t MaxHeapSize                              = 2147483648                                {product} {command line}
   size_t MaxNewSize                               = 715653120                                 {product} {ergonomic}
   size_t MinHeapDeltaBytes                        = 524288                                    {product} {ergonomic}
   size_t MinHeapSize                              = 104857600                                 {product} {command line}
   size_t NewSize                                  = 34603008                                  {product} {ergonomic}
    uintx NonNMethodCodeHeapSize                   = 5839372                                {pd product} {ergonomic}
    uintx NonProfiledCodeHeapSize                  = 122909434                              {pd product} {ergonomic}
   size_t OldSize                                  = 70254592                                  {product} {ergonomic}
    uintx ProfiledCodeHeapSize                     = 122909434                              {pd product} {ergonomic}
    uintx ReservedCodeCacheSize                    = 251658240                              {pd product} {ergonomic}
     bool SegmentedCodeCache                       = true                                      {product} {ergonomic}
   size_t SoftMaxHeapSize                          = 2147483648                             {manageable} {ergonomic}
     bool UseCompressedOops                        = true                           {product lp64_product} {ergonomic}
     bool UseLargePagesIndividualAllocation        = false                                  {pd product} {ergonomic}
     bool UseParallelGC                            = true                                      {product} {command line}

Logging:
Log output configuration:
 #0: stdout all=off uptime,level,tags foldmultilines=false
 #1: stderr all=off uptime,level,tags foldmultilines=false

Release file:
JAVA_VERSION="21.0.10" 
MODULES="java.base java.compiler java.datatransfer java.xml java.prefs java.desktop java.instrument java.logging java.management java.security.sasl java.naming java.rmi java.management.rmi java.net.http java.scripting java.security.jgss java.transaction.xa java.sql java.sql.rowset java.xml.crypto java.se java.smartcardio jdk.accessibility jdk.internal.jvmstat jdk.attach jdk.charsets jdk.internal.opt jdk.zipfs jdk.compiler jdk.crypto.ec jdk.crypto.cryptoki jdk.crypto.mscapi jdk.dynalink jdk.internal.ed jdk.editpad jdk.hotspot.agent jdk.httpserver jdk.internal.le jdk.internal.vm.ci jdk.internal.vm.compiler jdk.internal.vm.compiler.management jdk.jartool jdk.javadoc jdk.jcmd jdk.management jdk.management.agent jdk.jconsole jdk.jdeps jdk.jdwp.agent jdk.jdi jdk.jfr jdk.jshell jdk.jsobject jdk.jstatd jdk.localedata jdk.management.jfr jdk.naming.dns jdk.naming.rmi jdk.net jdk.nio.mapmode jdk.random jdk.sctp jdk.security.auth jdk.security.jgss jdk.unsupported jdk.unsupported.desktop jdk.xml.dom" 

Environment Variables:
JAVA_HOME=F:\JavaProject\jre
PATH=C:\Program Files\Common Files\Oracle\Java\javapath;C:\Program Files (x86)\Common Files\Oracle\Java\java8path;C:\Program Files (x86)\Common Files\Oracle\Java\javapath;C:\WINDOWS\system32;C:\WINDOWS;C:\WINDOWS\System32\Wbem;C:\WINDOWS\System32\WindowsPowerShell\v1.0\;C:\WINDOWS\System32\OpenSSH\;C:\Program Files\dotnet\;C:\Program Files\Microsoft SQL Server\150\Tools\Binn\;C:\Program Files\nodejs\;C:\ProgramData\chocolatey\bin;C:\Program Files\Java\jdk-25\bin;F:\Git\cmd;F:\JavaProject\jre\bin;C:\Users\My Laptop\AppData\Local\Programs\Python\Python314\Scripts\;C:\Users\My Laptop\AppData\Local\Programs\Python\Python314\;C:\Users\My Laptop\AppData\Local\Programs\Python\Launcher\;C:\Users\My Laptop\AppData\Local\Microsoft\WindowsApps;C:\Users\My Laptop\AppData\Local\Programs\Microsoft VS Code\bin;C:\Users\My Laptop\AppData\Roaming\npm;C:\msys64\ucrt64\bin;F:\JavaProject\IntelliJ IDEA 2025.3.3\bin
USERNAME=My Laptop
OS=Windows_NT
PROCESSOR_IDENTIFIER=Intel64 Family 6 Model 140 Stepping 1, GenuineIntel
TMP=C:\Users\My Laptop\AppData\Local\Temp
TEMP=C:\Users\My Laptop\AppData\Local\Temp




Periodic native trim disabled

---------------  S Y S T E M  ---------------

OS:
 Windows 11 , 64 bit Build 26100 (10.0.26100.8328)
OS uptime: 3 days 12:03 hours
Hyper-V role detected

CPU: total 8 (initial active 8) (4 cores per cpu, 2 threads per core) family 6 model 140 stepping 1 microcode 0xbe, cx8, cmov, fxsr, ht, mmx, 3dnowpref, sse, sse2, sse3, ssse3, sse4.1, sse4.2, popcnt, lzcnt, tsc, tscinvbit, avx, avx2, aes, erms, clmul, bmi1, bmi2, adx, avx512f, avx512dq, avx512cd, avx512bw, avx512vl, sha, fma, vzeroupper, avx512_vpopcntdq, avx512_vpclmulqdq, avx512_vaes, avx512_vnni, clflush, clflushopt, clwb, avx512_vbmi2, avx512_vbmi, hv, rdtscp, rdpid, fsrm, gfni, avx512_bitalg, f16c, cet_ibt, cet_ss, avx512_ifma
Processor Information for processor 0
  Max Mhz: 2419, Current Mhz: 2419, Mhz Limit: 2419
Processor Information for processor 1
  Max Mhz: 2419, Current Mhz: 1209, Mhz Limit: 2419
Processor Information for processor 2
  Max Mhz: 2419, Current Mhz: 2419, Mhz Limit: 2419
Processor Information for processor 3
  Max Mhz: 2419, Current Mhz: 1209, Mhz Limit: 2419
Processor Information for processor 4
  Max Mhz: 2419, Current Mhz: 2419, Mhz Limit: 2419
Processor Information for processor 5
  Max Mhz: 2419, Current Mhz: 1209, Mhz Limit: 2419
Processor Information for processor 6
  Max Mhz: 2419, Current Mhz: 1209, Mhz Limit: 2419
Processor Information for processor 7
  Max Mhz: 2419, Current Mhz: 2419, Mhz Limit: 2419

Memory: 4k page, system-wide physical 7926M (645M free)
TotalPageFile size 24831M (AvailPageFile size 5M)
current process WorkingSet (physical memory assigned to process): 8M, peak: 969M
current process commit charge ("private bytes"): 1429M, peak: 1431M

vm_info: OpenJDK 64-Bit Server VM (21.0.10+7-LTS) for windows-amd64 JRE (21.0.10+7-LTS), built on 2026-01-20T00:00:00Z by "admin" with MS VC++ 17.12 (VS2022)

END.
